// Jest Snapshot v1, https://goo.gl/fbAQLP

exports[`CMSConfig sidebarItems Return an empty array if the workspace content is not defined 1`] = ``;
